transforming and plotting ...
---- found nan in X TW_bf !!!!
Part2 Rows with NaN values:
            rp_5     rp_10    rp_15     rp_25     rp_35     rp_50     rp_60  \
5600   -0.014692 -0.006236 -0.00733 -0.002402  0.005525  0.006722  0.006638   
5601   -0.014692 -0.006236 -0.00733 -0.002402  0.005525  0.006722  0.006638   
5602   -0.014692 -0.006236 -0.00733 -0.002402  0.005525  0.006722  0.006638   
5603   -0.014692 -0.006236 -0.00733 -0.002402  0.005525  0.006722  0.006638   
5604   -0.014692 -0.006236 -0.00733 -0.002402  0.005525  0.006722  0.006638   
...          ...       ...      ...       ...       ...       ...       ...   
147341 -0.014692 -0.006236 -0.00733 -0.002402  0.005525  0.006722  0.006638   
147342 -0.014692 -0.006236 -0.00733 -0.002402  0.005525  0.006722  0.006638   
147343 -0.014692 -0.006236 -0.00733 -0.002402  0.005525  0.006722  0.006638   
147344 -0.014692 -0.006236 -0.00733 -0.002402  0.005525  0.006722  0.006638   
147345 -0.014692 -0.006236 -0.00733 -0.002402  0.005525  0.006722  0.006638   

          rp_75     rp_85     rp_90     rp_95     rp_98     rp_99    rp_200  \
5600    0.00738  0.008001  0.010294  0.011265  0.011756  0.011902  0.013062   
5601    0.00738  0.008001  0.010294  0.011265  0.011756  0.011902  0.013062   
5602    0.00738  0.008001  0.010294  0.011265  0.011756  0.011902  0.013062   
5603    0.00738  0.008001  0.010294  0.011265  0.011756  0.011902  0.013062   
5604    0.00738  0.008001  0.010294  0.011265  0.011756  0.011902  0.013062   
...         ...       ...       ...       ...       ...       ...       ...   
147341  0.00738  0.008001  0.010294  0.011265  0.011756  0.011902  0.013062   
147342  0.00738  0.008001  0.010294  0.011265  0.011756  0.011902  0.013062   
147343  0.00738  0.008001  0.010294  0.011265  0.011756  0.011902  0.013062   
147344  0.00738  0.008001  0.010294  0.011265  0.011756  0.011902  0.013062   
147345  0.00738  0.008001  0.010294  0.011265  0.011756  0.011902  0.013062   

          rp_500  ...  nwm_min_ap     slope     rp_1.5    esoil_tavg  in_ff  \
5600    0.005691  ...     16.0575  0.000856  65.580242  6.180562e-06  176.0   
5601    0.005691  ...     16.0575  0.000856  65.580242  6.289359e-06  176.0   
5602    0.005691  ...     16.0575  0.000856  65.580242  6.180562e-06  176.0   
5603    0.005691  ...     16.0575  0.000856  65.580242  6.180562e-06  176.0   
5604    0.005691  ...     16.0575  0.000856  65.580242  6.180562e-06  176.0   
...          ...  ...         ...       ...        ...           ...    ...   
147341  0.005691  ...     16.0575  0.000856  65.580242  1.096365e-05  176.0   
147342  0.005691  ...     16.0575  0.000856  65.580242  2.041246e-07  176.0   
147343  0.005691  ...     16.0575  0.000856  65.580242  8.432973e-06  176.0   
147344  0.005691  ...     16.0575  0.000856  65.580242  6.121617e-06  176.0   
147345  0.005691  ...     16.0575  0.000856  65.580242  3.782659e-06  176.0   

        PctBl2011Ws  PctHbWet2011Ws  PctFrstLoss2011Ws  PctIce2011Ws  \
5600       0.000000        0.000000               0.00           0.0   
5601       0.000000        0.000000               0.00           0.0   
5602       0.000000        0.000000               0.00           0.0   
5603       0.000000        0.000000               0.00           0.0   
5604       0.000000        0.000000               0.00           0.0   
...             ...             ...                ...           ...   
147341     0.000000        0.494622               0.12           0.0   
147342    53.997557        0.000000               0.00           0.0   
147343     0.000000        0.000000               0.00           0.0   
147344     0.000000        0.000000               0.00           0.0   
147345     2.622599        0.000000               0.00           0.0   

             rp_2  RckDepWs  elevation_diff  PctEolFineWs    NWM_1.5  \
5600    91.648616  152.4000            15.0           0.0  65.580242   
5601    91.648616  152.4000            61.0           0.0  65.580242   
5602    91.648616  152.4000            37.0           0.0  65.580242   
5603    91.648616  152.4000            25.0           0.0  65.580242   
5604    91.648616  152.4000            37.0           0.0  65.580242   
...           ...       ...             ...           ...        ...   
147341  91.648616  133.1000           533.0           0.0  65.580242   
147342  91.648616  151.8549           114.0           0.0  65.580242   
147343  91.648616  105.4700           523.0           0.0  65.580242   
147344  91.648616  105.4700           158.0           0.0  65.580242   
147345  91.648616   48.7733           386.0           0.0  65.580242   

        Pathlength  
5600       681.404  
5601       681.404  
5602       681.404  
5603       681.404  
5604       681.404  
...            ...  
147341     681.404  
147342     681.404  
147343     681.404  
147344     681.404  
147345     681.404  

[2829 rows x 150 columns]
transforming and plotting ...
--------------- End of Y transformation ---------------
transforming and plotting ...
---- found nan in X TW_in !!!!
Part2 Rows with NaN values:
            rp_5     rp_10    rp_15     rp_25     rp_35     rp_50     rp_60  \
5600   -0.014692 -0.006236 -0.00733 -0.002402  0.005525  0.006722  0.006638   
5601   -0.014692 -0.006236 -0.00733 -0.002402  0.005525  0.006722  0.006638   
5602   -0.014692 -0.006236 -0.00733 -0.002402  0.005525  0.006722  0.006638   
5603   -0.014692 -0.006236 -0.00733 -0.002402  0.005525  0.006722  0.006638   
5604   -0.014692 -0.006236 -0.00733 -0.002402  0.005525  0.006722  0.006638   
...          ...       ...      ...       ...       ...       ...       ...   
147341 -0.014692 -0.006236 -0.00733 -0.002402  0.005525  0.006722  0.006638   
147342 -0.014692 -0.006236 -0.00733 -0.002402  0.005525  0.006722  0.006638   
147343 -0.014692 -0.006236 -0.00733 -0.002402  0.005525  0.006722  0.006638   
147344 -0.014692 -0.006236 -0.00733 -0.002402  0.005525  0.006722  0.006638   
147345 -0.014692 -0.006236 -0.00733 -0.002402  0.005525  0.006722  0.006638   

          rp_75     rp_85     rp_90     rp_95     rp_98     rp_99    rp_200  \
5600    0.00738  0.008001  0.010294  0.011265  0.011756  0.011902  0.013062   
5601    0.00738  0.008001  0.010294  0.011265  0.011756  0.011902  0.013062   
5602    0.00738  0.008001  0.010294  0.011265  0.011756  0.011902  0.013062   
5603    0.00738  0.008001  0.010294  0.011265  0.011756  0.011902  0.013062   
5604    0.00738  0.008001  0.010294  0.011265  0.011756  0.011902  0.013062   
...         ...       ...       ...       ...       ...       ...       ...   
147341  0.00738  0.008001  0.010294  0.011265  0.011756  0.011902  0.013062   
147342  0.00738  0.008001  0.010294  0.011265  0.011756  0.011902  0.013062   
147343  0.00738  0.008001  0.010294  0.011265  0.011756  0.011902  0.013062   
147344  0.00738  0.008001  0.010294  0.011265  0.011756  0.011902  0.013062   
147345  0.00738  0.008001  0.010294  0.011265  0.011756  0.011902  0.013062   

          rp_500  ...  nwm_min_ap     slope     rp_1.5    esoil_tavg  in_ff  \
5600    0.005691  ...     16.0575  0.000856  65.580242  6.180562e-06  176.0   
5601    0.005691  ...     16.0575  0.000856  65.580242  6.289359e-06  176.0   
5602    0.005691  ...     16.0575  0.000856  65.580242  6.180562e-06  176.0   
5603    0.005691  ...     16.0575  0.000856  65.580242  6.180562e-06  176.0   
5604    0.005691  ...     16.0575  0.000856  65.580242  6.180562e-06  176.0   
...          ...  ...         ...       ...        ...           ...    ...   
147341  0.005691  ...     16.0575  0.000856  65.580242  1.096365e-05  176.0   
147342  0.005691  ...     16.0575  0.000856  65.580242  2.041246e-07  176.0   
147343  0.005691  ...     16.0575  0.000856  65.580242  8.432973e-06  176.0   
147344  0.005691  ...     16.0575  0.000856  65.580242  6.121617e-06  176.0   
147345  0.005691  ...     16.0575  0.000856  65.580242  3.782659e-06  176.0   

        PctBl2011Ws  PctHbWet2011Ws  PctFrstLoss2011Ws  PctIce2011Ws  \
5600       0.000000        0.000000               0.00           0.0   
5601       0.000000        0.000000               0.00           0.0   
5602       0.000000        0.000000               0.00           0.0   
5603       0.000000        0.000000               0.00           0.0   
5604       0.000000        0.000000               0.00           0.0   
...             ...             ...                ...           ...   
147341     0.000000        0.494622               0.12           0.0   
147342    53.997557        0.000000               0.00           0.0   
147343     0.000000        0.000000               0.00           0.0   
147344     0.000000        0.000000               0.00           0.0   
147345     2.622599        0.000000               0.00           0.0   

             rp_2  RckDepWs  elevation_diff  PctEolFineWs    NWM_1.5  \
5600    91.648616  152.4000            15.0           0.0  65.580242   
5601    91.648616  152.4000            61.0           0.0  65.580242   
5602    91.648616  152.4000            37.0           0.0  65.580242   
5603    91.648616  152.4000            25.0           0.0  65.580242   
5604    91.648616  152.4000            37.0           0.0  65.580242   
...           ...       ...             ...           ...        ...   
147341  91.648616  133.1000           533.0           0.0  65.580242   
147342  91.648616  151.8549           114.0           0.0  65.580242   
147343  91.648616  105.4700           523.0           0.0  65.580242   
147344  91.648616  105.4700           158.0           0.0  65.580242   
147345  91.648616   48.7733           386.0           0.0  65.580242   

        Pathlength  
5600       681.404  
5601       681.404  
5602       681.404  
5603       681.404  
5604       681.404  
...            ...  
147341     681.404  
147342     681.404  
147343     681.404  
147344     681.404  
147345     681.404  

[2829 rows x 150 columns]
transforming and plotting ...
--------------- End of Y transformation ---------------
transforming and plotting ...
---- found nan in X Y_in !!!!
Part2 Rows with NaN values:
            rp_5     rp_10     rp_15     rp_25     rp_35     rp_50     rp_60  \
5600   -0.207879 -0.188007 -0.183315 -0.170878 -0.158086 -0.151794 -0.149228   
5601   -0.207879 -0.188007 -0.183315 -0.170878 -0.158086 -0.151794 -0.149228   
5602   -0.207879 -0.188007 -0.183315 -0.170878 -0.158086 -0.151794 -0.149228   
5603   -0.207879 -0.188007 -0.183315 -0.170878 -0.158086 -0.151794 -0.149228   
5604   -0.207879 -0.188007 -0.183315 -0.170878 -0.158086 -0.151794 -0.149228   
...          ...       ...       ...       ...       ...       ...       ...   
147341 -0.207879 -0.188007 -0.183315 -0.170878 -0.158086 -0.151794 -0.149228   
147342 -0.207879 -0.188007 -0.183315 -0.170878 -0.158086 -0.151794 -0.149228   
147343 -0.207879 -0.188007 -0.183315 -0.170878 -0.158086 -0.151794 -0.149228   
147344 -0.207879 -0.188007 -0.183315 -0.170878 -0.158086 -0.151794 -0.149228   
147345 -0.207879 -0.188007 -0.183315 -0.170878 -0.158086 -0.151794 -0.149228   

           rp_75   rp_85     rp_90     rp_95     rp_98     rp_99    rp_200  \
5600   -0.145532 -0.1432 -0.139964 -0.138315 -0.137426 -0.137122 -0.127155   
5601   -0.145532 -0.1432 -0.139964 -0.138315 -0.137426 -0.137122 -0.127155   
5602   -0.145532 -0.1432 -0.139964 -0.138315 -0.137426 -0.137122 -0.127155   
5603   -0.145532 -0.1432 -0.139964 -0.138315 -0.137426 -0.137122 -0.127155   
5604   -0.145532 -0.1432 -0.139964 -0.138315 -0.137426 -0.137122 -0.127155   
...          ...     ...       ...       ...       ...       ...       ...   
147341 -0.145532 -0.1432 -0.139964 -0.138315 -0.137426 -0.137122 -0.127155   
147342 -0.145532 -0.1432 -0.139964 -0.138315 -0.137426 -0.137122 -0.127155   
147343 -0.145532 -0.1432 -0.139964 -0.138315 -0.137426 -0.137122 -0.127155   
147344 -0.145532 -0.1432 -0.139964 -0.138315 -0.137426 -0.137122 -0.127155   
147345 -0.145532 -0.1432 -0.139964 -0.138315 -0.137426 -0.137122 -0.127155   

          rp_500  ...  nwm_min_ap     slope     rp_1.5    esoil_tavg  in_ff  \
5600   -0.122177  ...     16.0575  0.000856  65.580242  6.180562e-06  176.0   
5601   -0.122177  ...     16.0575  0.000856  65.580242  6.289359e-06  176.0   
5602   -0.122177  ...     16.0575  0.000856  65.580242  6.180562e-06  176.0   
5603   -0.122177  ...     16.0575  0.000856  65.580242  6.180562e-06  176.0   
5604   -0.122177  ...     16.0575  0.000856  65.580242  6.180562e-06  176.0   
...          ...  ...         ...       ...        ...           ...    ...   
147341 -0.122177  ...     16.0575  0.000856  65.580242  1.096365e-05  176.0   
147342 -0.122177  ...     16.0575  0.000856  65.580242  2.041246e-07  176.0   
147343 -0.122177  ...     16.0575  0.000856  65.580242  8.432973e-06  176.0   
147344 -0.122177  ...     16.0575  0.000856  65.580242  6.121617e-06  176.0   
147345 -0.122177  ...     16.0575  0.000856  65.580242  3.782659e-06  176.0   

        PctBl2011Ws  PctHbWet2011Ws  PctFrstLoss2011Ws  PctIce2011Ws  \
5600       0.000000        0.000000               0.00           0.0   
5601       0.000000        0.000000               0.00           0.0   
5602       0.000000        0.000000               0.00           0.0   
5603       0.000000        0.000000               0.00           0.0   
5604       0.000000        0.000000               0.00           0.0   
...             ...             ...                ...           ...   
147341     0.000000        0.494622               0.12           0.0   
147342    53.997557        0.000000               0.00           0.0   
147343     0.000000        0.000000               0.00           0.0   
147344     0.000000        0.000000               0.00           0.0   
147345     2.622599        0.000000               0.00           0.0   

             rp_2  RckDepWs  elevation_diff  PctEolFineWs    NWM_1.5  \
5600    91.648616  152.4000            15.0           0.0  65.580242   
5601    91.648616  152.4000            61.0           0.0  65.580242   
5602    91.648616  152.4000            37.0           0.0  65.580242   
5603    91.648616  152.4000            25.0           0.0  65.580242   
5604    91.648616  152.4000            37.0           0.0  65.580242   
...           ...       ...             ...           ...        ...   
147341  91.648616  133.1000           533.0           0.0  65.580242   
147342  91.648616  151.8549           114.0           0.0  65.580242   
147343  91.648616  105.4700           523.0           0.0  65.580242   
147344  91.648616  105.4700           158.0           0.0  65.580242   
147345  91.648616   48.7733           386.0           0.0  65.580242   

        Pathlength  
5600       681.404  
5601       681.404  
5602       681.404  
5603       681.404  
5604       681.404  
...            ...  
147341     681.404  
147342     681.404  
147343     681.404  
147344     681.404  
147345     681.404  

[2829 rows x 150 columns]
transforming and plotting ...
--------------- End of Y transformation ---------------

 ------------- ML estimates complete ----------- 

